
> 3cloud-api@1.0.0 dev
> chcp 65001>NUL && tsx watch src/index.ts

node.exe : node:internal/modules/run_main:107
所在位置 行:1 字符: 1
+ & "C:\nvm4w\nodejs/node.exe" "C:\nvm4w\nodejs/node_modules/npm/bin/np ...
+ ~~~~~~~~~~~~~~~~~~~~~~~~~~~~~~~~~~~~~~~~~~~~~~~~~~~~~~~~~~~~~~~~~~~~~
    + CategoryInfo          : NotSpecified: (node:internal/modules/run_main:107:String) [], RemoteException
    + FullyQualifiedErrorId : NativeCommandError
 
    triggerUncaughtException(
    ^

Error: Transform failed with 1 error:
C:\Users\ZH\.openclaw\workspace\3cloud\api\src\app\index.ts:232:43: ERROR: "await" can only be used inside an "async" f
unction
    at failureErrorWithLog (C:\Users\ZH\.openclaw\workspace\3cloud\api\node_modules\tsx\node_modules\esbuild\lib\main.j
s:1748:15)
    at C:\Users\ZH\.openclaw\workspace\3cloud\api\node_modules\tsx\node_modules\esbuild\lib\main.js:1017:50
    at responseCallbacks.<computed> (C:\Users\ZH\.openclaw\workspace\3cloud\api\node_modules\tsx\node_modules\esbuild\l
ib\main.js:884:9)
    at handleIncomingPacket (C:\Users\ZH\.openclaw\workspace\3cloud\api\node_modules\tsx\node_modules\esbuild\lib\main.
js:939:12)
    at Socket.readFromStdout (C:\Users\ZH\.openclaw\workspace\3cloud\api\node_modules\tsx\node_modules\esbuild\lib\main
.js:862:7)
    at Socket.emit (node:events:509:28)
    at addChunk (node:internal/streams/readable:563:12)
    at readableAddChunkPushByteMode (node:internal/streams/readable:514:3)
    at Readable.push (node:internal/streams/readable:394:5)
    at Pipe.onStreamRead (node:internal/stream_base_commons:189:23) {
  name: 'TransformError'
}

Node.js v24.18.0
